Flow report for Processador_Completo
Wed Jul 15 17:06:25 2026
Quartus Prime Version 20.1.1 Build 720 11/11/2020 SJ Lite Edition


---------------------
; Table of Contents ;
---------------------
  1. Legal Notice
  2. Flow Summary
  3. Flow Settings
  4. Flow Non-Default Global Settings
  5. Flow Elapsed Time
  6. Flow OS Summary
  7. Flow Log
  8. Flow Messages
  9. Flow Suppressed Messages



----------------
; Legal Notice ;
----------------
Copyright (C) 2020  Intel Corporation. All rights reserved.
Your use of Intel Corporation's design tools, logic functions 
and other software and tools, and any partner logic 
functions, and any output files from any of the foregoing 
(including device programming or simulation files), and any 
associated documentation or information are expressly subject 
to the terms and conditions of the Intel Program License 
Subscription Agreement, the Intel Quartus Prime License Agreement,
the Intel FPGA IP License Agreement, or other applicable license
agreement, including, without limitation, that your use is for
the sole purpose of programming logic devices manufactured by
Intel and sold by Intel or its authorized distributors.  Please
refer to the applicable agreement for further details, at
https://fpgasoftware.intel.com/eula.



+----------------------------------------------------------------------------------+
; Flow Summary                                                                     ;
+------------------------------------+---------------------------------------------+
; Flow Status                        ; Successful - Wed Jul 15 17:06:25 2026       ;
; Quartus Prime Version              ; 20.1.1 Build 720 11/11/2020 SJ Lite Edition ;
; Revision Name                      ; Processador_Completo                        ;
; Top-level Entity Name              ; Processador_Completo                        ;
; Family                             ; Cyclone IV E                                ;
; Device                             ; EP4CE115F29C7                               ;
; Timing Models                      ; Final                                       ;
; Total logic elements               ; 9,503 / 114,480 ( 8 % )                     ;
;     Total combinational functions  ; 9,375 / 114,480 ( 8 % )                     ;
;     Dedicated logic registers      ; 583 / 114,480 ( < 1 % )                     ;
; Total registers                    ; 583                                         ;
; Total pins                         ; 507 / 529 ( 96 % )                          ;
; Total virtual pins                 ; 0                                           ;
; Total memory bits                  ; 14,964 / 3,981,312 ( < 1 % )                ;
; Embedded Multiplier 9-bit elements ; 6 / 532 ( 1 % )                             ;
; Total PLLs                         ; 0 / 4 ( 0 % )                               ;
+------------------------------------+---------------------------------------------+


+------------------------------------------+
; Flow Settings                            ;
+-------------------+----------------------+
; Option            ; Setting              ;
+-------------------+----------------------+
; Start date & time ; 07/15/2026 17:04:02  ;
; Main task         ; Compilation          ;
; Revision Name     ; Processador_Completo ;
+-------------------+----------------------+


+-------------------------------------------------------------------------------------------------------------------------+
; Flow Non-Default Global Settings                                                                                        ;
+-------------------------------------+----------------------------------------+---------------+-------------+------------+
; Assignment Name                     ; Value                                  ; Default Value ; Entity Name ; Section Id ;
+-------------------------------------+----------------------------------------+---------------+-------------+------------+
; COMPILER_SIGNATURE_ID               ; 8623691764.178414584223142             ; --            ; --          ; --         ;
; MAX_CORE_JUNCTION_TEMP              ; 85                                     ; --            ; --          ; --         ;
; MIN_CORE_JUNCTION_TEMP              ; 0                                      ; --            ; --          ; --         ;
; NOMINAL_CORE_SUPPLY_VOLTAGE         ; 1.2V                                   ; --            ; --          ; --         ;
; OUTPUT_IO_TIMING_FAR_END_VMEAS      ; Half Signal Swing                      ; --            ; --          ; --         ;
; OUTPUT_IO_TIMING_FAR_END_VMEAS      ; Half Signal Swing                      ; --            ; --          ; --         ;
; OUTPUT_IO_TIMING_NEAR_END_VMEAS     ; Half Vccio                             ; --            ; --          ; --         ;
; OUTPUT_IO_TIMING_NEAR_END_VMEAS     ; Half Vccio                             ; --            ; --          ; --         ;
; PARTITION_COLOR                     ; -- (Not supported for targeted family) ; --            ; --          ; Top        ;
; PARTITION_FITTER_PRESERVATION_LEVEL ; -- (Not supported for targeted family) ; --            ; --          ; Top        ;
; PARTITION_NETLIST_TYPE              ; -- (Not supported for targeted family) ; --            ; --          ; Top        ;
; POWER_BOARD_THERMAL_MODEL           ; None (CONSERVATIVE)                    ; --            ; --          ; --         ;
; POWER_PRESET_COOLING_SOLUTION       ; 23 MM HEAT SINK WITH 200 LFPM AIRFLOW  ; --            ; --          ; --         ;
; PROJECT_OUTPUT_DIRECTORY            ; output_files                           ; --            ; --          ; --         ;
+-------------------------------------+----------------------------------------+---------------+-------------+------------+


+--------------------------------------------------------------------------------------------------------------------------+
; Flow Elapsed Time                                                                                                        ;
+----------------------+--------------+-------------------------+---------------------+------------------------------------+
; Module Name          ; Elapsed Time ; Average Processors Used ; Peak Virtual Memory ; Total CPU Time (on all processors) ;
+----------------------+--------------+-------------------------+---------------------+------------------------------------+
; Analysis & Synthesis ; 00:00:21     ; 1.0                     ; 568 MB              ; 00:00:33                           ;
; Fitter               ; 00:01:31     ; 1.0                     ; 1271 MB             ; 00:02:29                           ;
; Assembler            ; 00:00:03     ; 1.0                     ; 397 MB              ; 00:00:03                           ;
; Timing Analyzer      ; 00:00:08     ; 1.1                     ; 655 MB              ; 00:00:09                           ;
; EDA Netlist Writer   ; 00:00:00     ; 1.0                     ; 642 MB              ; 00:00:00                           ;
; EDA Netlist Writer   ; 00:00:01     ; 1.0                     ; 655 MB              ; 00:00:01                           ;
; Total                ; 00:02:04     ; --                      ; --                  ; 00:03:15                           ;
+----------------------+--------------+-------------------------+---------------------+------------------------------------+


+--------------------------------------------------------------------------------------+
; Flow OS Summary                                                                      ;
+----------------------+------------------+--------------+------------+----------------+
; Module Name          ; Machine Hostname ; OS Name      ; OS Version ; Processor type ;
+----------------------+------------------+--------------+------------+----------------+
; Analysis & Synthesis ; Lenovo           ; Ubuntu 26.04 ; 26         ; x86_64         ;
; Fitter               ; Lenovo           ; Ubuntu 26.04 ; 26         ; x86_64         ;
; Assembler            ; Lenovo           ; Ubuntu 26.04 ; 26         ; x86_64         ;
; Timing Analyzer      ; Lenovo           ; Ubuntu 26.04 ; 26         ; x86_64         ;
; EDA Netlist Writer   ; Lenovo           ; Ubuntu 26.04 ; 26         ; x86_64         ;
; EDA Netlist Writer   ; Lenovo           ; Ubuntu 26.04 ; 26         ; x86_64         ;
+----------------------+------------------+--------------+------------+----------------+


------------
; Flow Log ;
------------
quartus_map --read_settings_files=on --write_settings_files=off Processador_Completo -c Processador_Completo
quartus_fit --read_settings_files=off --write_settings_files=off Processador_Completo -c Processador_Completo
quartus_asm --read_settings_files=off --write_settings_files=off Processador_Completo -c Processador_Completo
quartus_sta Processador_Completo -c Processador_Completo
quartus_eda --gen_testbench --tool=modelsim_oem --format=verilog --write_settings_files=off Processador_Completo -c Processador_Completo --vector_source=/home/gabriel/Documents/Projects/Compiler/Processador-QAR/OldQuartus/Waveform.vwf --testbench_file=/home/gabriel/Documents/Projects/Compiler/Processador-QAR/OldQuartus/simulation/qsim/Waveform.vwf.vt
quartus_eda --write_settings_files=off --simulation=on --functional=on --flatten_buses=off --tool=modelsim_oem --format=verilog --output_directory=/home/gabriel/Documents/Projects/Compiler/Processador-QAR/OldQuartus/simulation/qsim/ Processador_Completo -c Processador_Completo



